node.exe : [2m[WebServer] [22m [33m[1mโ[22m[39m Warning: Next.js inferred your workspace 
root, but it may not be correct.
At line:1 char:1
+ & "C:\Program Files\nodejs/node.exe" "C:\Program Files\nodejs/node_mo ...
+ ~~~~~~~~~~~~~~~~~~~~~~~~~~~~~~~~~~~~~~~~~~~~~~~~~~~~~~~~~~~~~~~~~~~~~
    + CategoryInfo          : NotSpecified: ([2m[WebServer]...not be correct.:String) [], Remot 
   eException
    + FullyQualifiedErrorId : NativeCommandError
 
[2m[WebServer] [22m We detected multiple lockfiles and selected the directory of 
C:\Users\Admin\package-lock.json as the root directory.
[2m[WebServer] [22m To silence this warning, set `outputFileTracingRoot` in your Next.js 
config, or consider removing one of the lockfiles if it's not needed.
[2m[WebServer] [22m   See 
https://nextjs.org/docs/app/api-reference/config/next-config-js/output#caveats for more 
information.
[2m[WebServer] [22m Detected additional lockfiles: 
[2m[WebServer] [22m   * C:\Users\Admin\employee-workload-app\package-lock.json
[2m[WebServer] [22m

Running 8 tests using 1 worker

  โ  1 [chromium] โ€บ tests\bugfix-jun04.spec.js:20:3 โ€บ BUG-5: Staff can edit/delete own same-day worklog โ€บ worklogs page loads for staff with auth fixture (17.9s)
BUG-5: Edit/Delete buttons visible: [33mfalse[39m
  โ“  2 [chromium] โ€บ tests\bugfix-jun04.spec.js:38:3 โ€บ BUG-5: Staff can edit/delete own same-day worklog โ€บ edit/delete buttons visible for today's worklog (same day) (4.7s)
  -  3 [chromium] โ€บ tests\bugfix-jun04.spec.js:56:3 โ€บ BUG-5: Staff can edit/delete own same-day worklog โ€บ checkbox enabled for editable worklogs
  โ  4 [chromium] โ€บ tests\bugfix-jun04.spec.js:84:3 โ€บ QA-1: Auth State Injection Fixtures โ€บ superadmin fixture loads correct role (10.2s)
  โ  5 [chromium] โ€บ tests\bugfix-jun04.spec.js:104:3 โ€บ QA-1: Auth State Injection Fixtures โ€บ staff fixture loads correct role (8.8s)
  โ“  6 [chromium] โ€บ tests\bugfix-jun04.spec.js:129:3 โ€บ Smoke Tests: Export & Worklogs Pages โ€บ export page loads without errors (5.1s)
  โ  7 [chromium] โ€บ tests\bugfix-jun04.spec.js:146:3 โ€บ Smoke Tests: Export & Worklogs Pages โ€บ worklogs page structure intact (4.2s)
  โ“  8 [chromium] โ€บ tests\bugfix-jun04.spec.js:167:3 โ€บ Admin Features: Superadmin Access โ€บ admin pages require authentication (5.1s)


  1) [chromium] โ€บ tests\bugfix-jun04.spec.js:20:3 โ€บ BUG-5: Staff can edit/delete own same-day worklog โ€บ worklogs page loads for staff with auth fixture 

    TimeoutError: page.waitForSelector: Timeout 15000ms exceeded.
    Call log:
    [2m  - waiting for locator('[data-testid=\'worklogs-page\']') to be visible[22m


      20 |   test("worklogs page loads for staff with auth fixture", async ({ page }) => {
      21 |     await page.goto("/worklogs");
    > 22 |     await page.waitForSelector("[data-testid='worklogs-page']", { timeout: 15000 });
         |                ^
      23 |     
      24 |     // Wait for page to fully load
      25 |     await page.waitForTimeout(3000);
        at C:\Users\Admin\employee-workload-app\frontend\tests\bugfix-jun04.spec.js:22:16

    attachment #1: screenshot (image/png) โ”€โ”€โ”€โ”€โ”€โ”€โ”€โ”€โ”€โ”€โ”€โ”€โ”€โ”€โ”€โ”€โ”€โ”€โ”€โ”€โ”€โ”€โ”€โ”€โ”€โ”€โ”€โ”€โ”€โ”€โ”€โ”€โ”€โ”€โ”€โ”€โ”€โ”€โ”€โ”€โ”€โ”€โ”€โ”€โ”€โ”€โ”€โ”€โ”€โ”€โ”€โ”€โ”€โ”€โ”€โ”€โ”€โ”€
    test-results\bugfix-jun04-BUG-5-Staff-c-e1d4d-for-staff-with-auth-fixture-chromium\test-failed-1.png
    โ”€โ”€โ”€โ”€โ”€โ”€โ”€โ”€โ”€โ”€โ”€โ”€โ”€โ”€โ”€โ”€โ”€โ”€โ”€โ”€โ”€โ”€โ”€โ”€โ”€โ”€โ”€โ”€โ”€โ”€โ”€โ”€โ”€โ”€โ”€โ”€โ”€โ”€โ”€โ”€โ”€โ”€โ”€โ”€โ”€โ”€โ”€โ”€โ”€โ”€โ”€โ”€โ”€โ”€โ”€โ”€โ”€โ”€โ”€โ”€โ”€โ”€โ”€โ”€โ”€โ”€โ”€โ”€โ”€โ”€โ”€โ”€โ”€โ”€โ”€โ”€โ”€โ”€โ”€โ”€โ”€โ”€โ”€โ”€โ”€โ”€โ”€โ”€โ”€โ”€โ”€โ”€โ”€โ”€โ”€โ”€

    Error Context: test-results\bugfix-jun04-BUG-5-Staff-c-e1d4d-for-staff-with-auth-fixture-chromium\error-context.md

  2) [chromium] โ€บ tests\bugfix-jun04.spec.js:84:3 โ€บ QA-1: Auth State Injection Fixtures โ€บ superadmin fixture loads correct role 

    Error: [2mexpect([22m[31mpage[39m[2m).not.[22mtoHaveURL[2m([22m[32mexpected[39m[2m)[22m failed

    Expected pattern: not [32m/\/login/[39m
    Received string: [31m"http://localhost:3000[7m/login[27m"[39m
    Timeout: 5000ms

    Call log:
    [2m  - Expect "not toHaveURL" with timeout 5000ms[22m
    [2m    14 ร— unexpected value "http://localhost:3000/login"[22m


       99 |     
      100 |     // Should not redirect to login
    > 101 |     await expect(page).not.toHaveURL(/\/login/);
          |                            ^
      102 |   });
      103 |
      104 |   test("staff fixture loads correct role", async ({ page }) => {
        at C:\Users\Admin\employee-workload-app\frontend\tests\bugfix-jun04.spec.js:101:28

    attachment #1: screenshot (image/png) โ”€โ”€โ”€โ”€โ”€โ”€โ”€โ”€โ”€โ”€โ”€โ”€โ”€โ”€โ”€โ”€โ”€โ”€โ”€โ”€โ”€โ”€โ”€โ”€โ”€โ”€โ”€โ”€โ”€โ”€โ”€โ”€โ”€โ”€โ”€โ”€โ”€โ”€โ”€โ”€โ”€โ”€โ”€โ”€โ”€โ”€โ”€โ”€โ”€โ”€โ”€โ”€โ”€โ”€โ”€โ”€โ”€โ”€
    test-results\bugfix-jun04-QA-1-Auth-Sta-553be--fixture-loads-correct-role-chromium\test-failed-1.png
    โ”€โ”€โ”€โ”€โ”€โ”€โ”€โ”€โ”€โ”€โ”€โ”€โ”€โ”€โ”€โ”€โ”€โ”€โ”€โ”€โ”€โ”€โ”€โ”€โ”€โ”€โ”€โ”€โ”€โ”€โ”€โ”€โ”€โ”€โ”€โ”€โ”€โ”€โ”€โ”€โ”€โ”€โ”€โ”€โ”€โ”€โ”€โ”€โ”€โ”€โ”€โ”€โ”€โ”€โ”€โ”€โ”€โ”€โ”€โ”€โ”€โ”€โ”€โ”€โ”€โ”€โ”€โ”€โ”€โ”€โ”€โ”€โ”€โ”€โ”€โ”€โ”€โ”€โ”€โ”€โ”€โ”€โ”€โ”€โ”€โ”€โ”€โ”€โ”€โ”€โ”€โ”€โ”€โ”€โ”€โ”€

    Error Context: test-results\bugfix-jun04-QA-1-Auth-Sta-553be--fixture-loads-correct-role-chromium\error-context.md

  3) [chromium] โ€บ tests\bugfix-jun04.spec.js:104:3 โ€บ QA-1: Auth State Injection Fixtures โ€บ staff fixture loads correct role 

    Error: [2mexpect([22m[31mpage[39m[2m).not.[22mtoHaveURL[2m([22m[32mexpected[39m[2m)[22m failed

    Expected pattern: not [32m/\/login/[39m
    Received string: [31m"http://localhost:3000[7m/login[27m"[39m
    Timeout: 5000ms

    Call log:
    [2m  - Expect "not toHaveURL" with timeout 5000ms[22m
    [2m    14 ร— unexpected value "http://localhost:3000/login"[22m


      118 |     
      119 |     // Staff should see dashboard (not admin pages)
    > 120 |     await expect(page).not.toHaveURL(/\/login/);
          |                            ^
      121 |   });
      122 | });
      123 |
        at C:\Users\Admin\employee-workload-app\frontend\tests\bugfix-jun04.spec.js:120:28

    attachment #1: screenshot (image/png) โ”€โ”€โ”€โ”€โ”€โ”€โ”€โ”€โ”€โ”€โ”€โ”€โ”€โ”€โ”€โ”€โ”€โ”€โ”€โ”€โ”€โ”€โ”€โ”€โ”€โ”€โ”€โ”€โ”€โ”€โ”€โ”€โ”€โ”€โ”€โ”€โ”€โ”€โ”€โ”€โ”€โ”€โ”€โ”€โ”€โ”€โ”€โ”€โ”€โ”€โ”€โ”€โ”€โ”€โ”€โ”€โ”€โ”€
    test-results\bugfix-jun04-QA-1-Auth-Sta-68160--fixture-loads-correct-role-chromium\test-failed-1.png
    โ”€โ”€โ”€โ”€โ”€โ”€โ”€โ”€โ”€โ”€โ”€โ”€โ”€โ”€โ”€โ”€โ”€โ”€โ”€โ”€โ”€โ”€โ”€โ”€โ”€โ”€โ”€โ”€โ”€โ”€โ”€โ”€โ”€โ”€โ”€โ”€โ”€โ”€โ”€โ”€โ”€โ”€โ”€โ”€โ”€โ”€โ”€โ”€โ”€โ”€โ”€โ”€โ”€โ”€โ”€โ”€โ”€โ”€โ”€โ”€โ”€โ”€โ”€โ”€โ”€โ”€โ”€โ”€โ”€โ”€โ”€โ”€โ”€โ”€โ”€โ”€โ”€โ”€โ”€โ”€โ”€โ”€โ”€โ”€โ”€โ”€โ”€โ”€โ”€โ”€โ”€โ”€โ”€โ”€โ”€โ”€

    Error Context: test-results\bugfix-jun04-QA-1-Auth-Sta-68160--fixture-loads-correct-role-chromium\error-context.md

  4) [chromium] โ€บ tests\bugfix-jun04.spec.js:146:3 โ€บ Smoke Tests: Export & Worklogs Pages โ€บ worklogs page structure intact 

    Error: [2mexpect([22m[31mreceived[39m[2m).[22mtoBeTruthy[2m()[22m

    Received: [31mfalse[39m

      156 |     const hasSearch = await searchInput.isVisible().catch(() => false);
      157 |     
    > 158 |     expect(hasViewToggle || hasSearch).toBeTruthy();
          |                                        ^
      159 |   });
      160 | });
      161 |
        at C:\Users\Admin\employee-workload-app\frontend\tests\bugfix-jun04.spec.js:158:40

    attachment #1: screenshot (image/png) โ”€โ”€โ”€โ”€โ”€โ”€โ”€โ”€โ”€โ”€โ”€โ”€โ”€โ”€โ”€โ”€โ”€โ”€โ”€โ”€โ”€โ”€โ”€โ”€โ”€โ”€โ”€โ”€โ”€โ”€โ”€โ”€โ”€โ”€โ”€โ”€โ”€โ”€โ”€โ”€โ”€โ”€โ”€โ”€โ”€โ”€โ”€โ”€โ”€โ”€โ”€โ”€โ”€โ”€โ”€โ”€โ”€โ”€
    test-results\bugfix-jun04-Smoke-Tests-E-f384c-klogs-page-structure-intact-chromium\test-failed-1.png
    โ”€โ”€โ”€โ”€โ”€โ”€โ”€โ”€โ”€โ”€โ”€โ”€โ”€โ”€โ”€โ”€โ”€โ”€โ”€โ”€โ”€โ”€โ”€โ”€โ”€โ”€โ”€โ”€โ”€โ”€โ”€โ”€โ”€โ”€โ”€โ”€โ”€โ”€โ”€โ”€โ”€โ”€โ”€โ”€โ”€โ”€โ”€โ”€โ”€โ”€โ”€โ”€โ”€โ”€โ”€โ”€โ”€โ”€โ”€โ”€โ”€โ”€โ”€โ”€โ”€โ”€โ”€โ”€โ”€โ”€โ”€โ”€โ”€โ”€โ”€โ”€โ”€โ”€โ”€โ”€โ”€โ”€โ”€โ”€โ”€โ”€โ”€โ”€โ”€โ”€โ”€โ”€โ”€โ”€โ”€โ”€

    Error Context: test-results\bugfix-jun04-Smoke-Tests-E-f384c-klogs-page-structure-intact-chromium\error-context.md

  4 failed
    [chromium] โ€บ tests\bugfix-jun04.spec.js:20:3 โ€บ BUG-5: Staff can edit/delete own same-day worklog โ€บ worklogs page loads for staff with auth fixture 
    [chromium] โ€บ tests\bugfix-jun04.spec.js:84:3 โ€บ QA-1: Auth State Injection Fixtures โ€บ superadmin fixture loads correct role 
    [chromium] โ€บ tests\bugfix-jun04.spec.js:104:3 โ€บ QA-1: Auth State Injection Fixtures โ€บ staff fixture loads correct role 
    [chromium] โ€บ tests\bugfix-jun04.spec.js:146:3 โ€บ Smoke Tests: Export & Worklogs Pages โ€บ worklogs page structure intact 
  1 skipped
  3 passed (1.2m)
